18:44:19 **** Build of configuration Debug for project fir_app ****
make all 
make --no-print-directory pre-build
a9-linaro-pre-build-step
' '
make --no-print-directory main-build
'Building file: ../src/fir.c'
'Invoking: ARM v7 gcc compiler'
arm-none-eabi-gcc -DSW_PROFILE -Wall -O0 -g3 -pg -c -fmessage-length=0 -MT"src/fir.o" -mcpu=cortex-a9 -mfpu=vfpv3 -mfloat-abi=hard -IC:/ECE520/Lab9/Part_2/Lab9_design_1_wrapper/export/Lab9_design_1_wrapper/sw/Lab9_design_1_wrapper/standalone_ps7_cortexa9_0/bspinclude/include -MMD -MP -MF"src/fir.d" -MT"src/fir.o" -o "src/fir.o" "../src/fir.c"
'Finished building: ../src/fir.c'
' '
'Building file: ../src/lab.c'
'Invoking: ARM v7 gcc compiler'
arm-none-eabi-gcc -DSW_PROFILE -Wall -O0 -g3 -pg -c -fmessage-length=0 -MT"src/lab.o" -mcpu=cortex-a9 -mfpu=vfpv3 -mfloat-abi=hard -IC:/ECE520/Lab9/Part_2/Lab9_design_1_wrapper/export/Lab9_design_1_wrapper/sw/Lab9_design_1_wrapper/standalone_ps7_cortexa9_0/bspinclude/include -MMD -MP -MF"src/lab.d" -MT"src/lab.o" -o "src/lab.o" "../src/lab.c"
'Finished building: ../src/lab.c'
' '
'Building target: fir_app.elf'
'Invoking: ARM v7 gcc linker'
arm-none-eabi-gcc -mcpu=cortex-a9 -mfpu=vfpv3 -mfloat-abi=hard -Wl,-build-id=none -specs=Xilinx.spec -Wl,-T -Wl,../src/lscript.ld -LC:/ECE520/Lab9/Part_2/Lab9_design_1_wrapper/export/Lab9_design_1_wrapper/sw/Lab9_design_1_wrapper/standalone_ps7_cortexa9_0/bsplib/lib -o "fir_app.elf"  ./src/fir.o ./src/lab.o   -Wl,--start-group,-lxil,-lgcc,-lc,--end-group
'Finished building target: fir_app.elf'
' '
'Invoking: ARM v7 Print Size'
arm-none-eabi-size fir_app.elf  |tee "fir_app.elf.size"
   text	   data	    bss	    dec	    hex	filename
  30382	   1944	   8360	  40686	   9eee	fir_app.elf
'Finished building: fir_app.elf.size'
' '

18:44:25 Build Finished (took 5s.990ms)

